// Jest Snapshot v1, https://goo.gl/fbAQLP

exports[`<ItemFilter /> renders without errors 1`] = `
<form
  __versions={
    Object {
      "final-form": "4.20.1",
      "react-final-form": "6.5.2",
    }
  }
  className="RaFilter-form-2 RaFilterForm-form-3"
  displayFilters={Object {}}
  onSubmit={[Function]}
>
  <div
    className="filter-field RaFilterFormInput-body-5"
    data-source="source"
  >
    <div
      className="MuiFormControl-root MuiTextField-root RaSelectInput-input-8 undefined MuiFormControl-marginDense"
    >
      <label
        className="MuiFormLabel-root MuiInputLabel-root MuiInputLabel-formControl MuiInputLabel-animated MuiInputLabel-marginDense MuiInputLabel-filled"
        data-shrink={false}
        htmlFor="source"
        id="source-label"
      >
        <span>
          labels.publisher
        </span>
      </label>
      <div
        className="MuiInputBase-root MuiFilledInput-root MuiFilledInput-underline MuiInputBase-formControl MuiInputBase-marginDense MuiFilledInput-marginDense"
        onClick={[Function]}
      >
        <div
          aria-haspopup="listbox"
          aria-labelledby="source-label source"
          className="MuiSelect-root MuiSelect-select MuiSelect-selectMenu MuiSelect-filled MuiInputBase-input MuiFilledInput-input MuiInputBase-inputMarginDense MuiFilledInput-inputMarginDense"
          id="source"
          onBlur={[Function]}
          onFocus={[Function]}
          onKeyDown={[Function]}
          onMouseDown={[Function]}
          role="button"
          tabIndex={0}
        >
          <span
            dangerouslySetInnerHTML={
              Object {
                "__html": "&#8203;",
              }
            }
          />
        </div>
        <input
          aria-describedby="source-helper-text"
          aria-hidden={true}
          autoFocus={false}
          className="MuiSelect-nativeInput"
          name="source"
          onAnimationStart={[Function]}
          onChange={[Function]}
          required={false}
          tabIndex={-1}
          value=""
        />
        <svg
          aria-hidden={true}
          className="MuiSvgIcon-root MuiSelect-icon MuiSelect-iconFilled"
          focusable="false"
          viewBox="0 0 24 24"
        >
          <path
            d="M7 10l5 5 5-5z"
          />
        </svg>
      </div>
      <p
        className="MuiFormHelperText-root MuiFormHelperText-contained MuiFormHelperText-marginDense"
        id="source-helper-text"
      />
    </div>
    <div
      className="RaFilterFormInput-spacer-6"
    >
       
    </div>
  </div>
  <div
    className="RaFilterForm-clearFix-4"
  />
</form>
`;
